{
  "aio": {
    "master": {
      "uncompressed": {
        "runtime": 4343,
        "main": 450106,
        "polyfills": 33869,
        "styles": 70515,
        "light-theme": 77708,
        "dark-theme": 77813
      }
    }
  },
  "aio-local": {
    "master": {
      "uncompressed": {
        "runtime": 4343,
        "main": 450395,
        "polyfills": 37410,
        "styles": 70515,
        "light-theme": 77708,
        "dark-theme": 77813
      }
    }
  }
}
